[2m[auto-setup][0m uv 0.12.0 found
Using Python 3.13.11 environment at: /tmp/uv-venv
Resolved 32 packages in 366ms
Downloading setuptools (1.2MiB)
Downloading nvidia-curand (56.8MiB)
Downloading nvidia-cudnn-cu13 (349.2MiB)
Downloading nvidia-cublas (403.5MiB)
Downloading nvidia-nvshmem-cu13 (57.6MiB)
Downloading nvidia-cusparse (139.2MiB)
Downloading nvidia-cuda-nvrtc (86.0MiB)
Downloading nvidia-cusparselt-cu13 (162.3MiB)
Downloading nvidia-nccl-cu13 (196.4MiB)
Downloading nvidia-cuda-runtime (2.1MiB)
Downloading nvidia-cusolver (191.6MiB)
Downloading nvidia-cufft (204.2MiB)
Downloading nvidia-nvjitlink (38.9MiB)
Downloading nvidia-cuda-cupti (10.2MiB)
Downloading torchvision (7.3MiB)
Downloading torch (502.1MiB)
Downloading triton (188.0MiB)
Downloading pillow (6.6MiB)
Downloading sympy (6.0MiB)
Downloading networkx (2.0MiB)
Downloading numpy (15.9MiB)
Downloading cuda-bindings (6.2MiB)
 Downloaded nvidia-cuda-runtime
 Downloaded torchvision
 Downloaded nvidia-cuda-cupti
 Downloaded setuptools
 Downloaded cuda-bindings
 Downloaded pillow
 Downloaded nvidia-curand
 Downloaded networkx
 Downloaded nvidia-nvjitlink
 Downloaded triton
 Downloaded nvidia-nvshmem-cu13
 Downloaded numpy
 Downloaded sympy
 Downloaded nvidia-cuda-nvrtc
 Downloaded nvidia-cudnn-cu13
 Downloaded nvidia-cusparselt-cu13
 Downloaded nvidia-cusparse
 Downloaded nvidia-cusolver
 Downloaded nvidia-cufft
 Downloaded nvidia-nccl-cu13
 Downloaded nvidia-cublas
 Downloaded torch
Prepared 23 packages in 17.36s
Installed 32 packages in 368ms
 + cuda-bindings==13.3.1
 + cuda-pathfinder==1.6.0
 + cuda-toolkit==13.0.3.0
 + filelock==3.32.3
 + fsspec==2026.7.0
 + jinja2==3.1.6
 + markupsafe==3.0.3
 + mpmath==1.3.0
 + networkx==3.6.1
 + numpy==2.5.2
 + nvidia-cublas==13.1.1.3
 + nvidia-cuda-cupti==13.0.85
 + nvidia-cuda-nvrtc==13.0.88
 + nvidia-cuda-runtime==13.0.96
 + nvidia-cudnn-cu13==9.20.0.48
 + nvidia-cufft==12.0.0.61
 + nvidia-cufile==1.15.1.6
 + nvidia-curand==10.4.0.35
 + nvidia-cusolver==12.0.4.66
 + nvidia-cusparse==12.6.3.3
 + nvidia-cusparselt-cu13==0.8.1
 + nvidia-nccl-cu13==2.29.7
 + nvidia-nvjitlink==13.3.33
 + nvidia-nvshmem-cu13==3.4.5
 + nvidia-nvtx==13.0.85
 + pillow==12.3.0
 + setuptools==78.1.0
 + sympy==1.14.0
 + torch==2.13.0+cu130
 + torchvision==0.28.0+cu130
 + triton==3.7.1
 + typing-extensions==4.16.0
[2m[auto-setup][0m torch after the cu130 install: 2.13.0+cu130 cuda 13.0 avail True
warning: `VIRTUAL_ENV=/tmp/uv-venv` does not match the project environment path `.venv` and will be ignored; use `--active` to target the active environment instead
warning: Resolving despite existing lockfile due to fork markers being disjoint with `requires-python`: `(python_full_version >= '3.10' and python_full_version < '3.12' and sys_platform == 'linux') or (python_full_version >= '3.10' and python_full_version < '3.12' and sys_platform == 'win32')` vs `python_full_version >= '3.13'`
Resolved 136 packages in 1.51s
   Building blt-lcm-marathi @ file:///marimo/BLT-LCM
Downloading torch (744.2MiB)
Downloading pygments (1.2MiB)
Downloading nvidia-nccl-cu12 (179.9MiB)
Downloading nvidia-nvjitlink-cu12 (37.9MiB)
Downloading setuptools (1.0MiB)
Downloading kiwisolver (1.4MiB)
Downloading pillow (6.6MiB)
Downloading aiohttp (1.7MiB)
Downloading nvidia-cusolver-cu12 (118.4MiB)
Downloading networkx (2.0MiB)
Downloading nvidia-cublas-cu12 (391.6MiB)
Downloading nvidia-cufft-cu12 (116.0MiB)
Downloading tokenizers (3.1MiB)
Downloading nvidia-cuda-nvrtc-cu12 (22.6MiB)
Downloading nvidia-curand-cu12 (53.9MiB)
Downloading lxml (5.0MiB)
Downloading sentencepiece (1.3MiB)
Downloading pandas (10.4MiB)
Downloading babel (9.7MiB)
Downloading sphinx (3.7MiB)
Downloading hf-xet (4.3MiB)
Downloading matplotlib (9.6MiB)
Downloading scipy (33.6MiB)
Downloading tiktoken (1.1MiB)
Downloading grpcio (6.7MiB)
Downloading stanza (1.9MiB)
Downloading nltk (1.6MiB)
Downloading fonttools (4.7MiB)
Downloading tensorboard (5.3MiB)
Downloading wandb (25.5MiB)
Downloading nvidia-cudnn-cu12 (634.0MiB)
Downloading sympy (5.9MiB)
Downloading tensorboard-data-server (6.3MiB)
Downloading pyarrow (47.8MiB)
Downloading bitsandbytes (39.0MiB)
Downloading transformers (11.4MiB)
Downloading sphinx-rtd-theme (7.3MiB)
Downloading pydantic-core (2.0MiB)
Downloading nvidia-cuda-cupti-cu12 (13.5MiB)
Downloading nvidia-cusparse-cu12 (186.9MiB)
 Downloaded tiktoken
 Downloaded sentencepiece
 Downloaded nvidia-cuda-cupti-cu12
 Downloaded kiwisolver
 Downloaded pygments
 Downloaded aiohttp
 Downloaded pydantic-core
 Downloaded setuptools
 Downloaded nvidia-cuda-nvrtc-cu12
 Downloaded nltk
 Downloaded tokenizers
 Downloaded nvidia-nvjitlink-cu12
 Downloaded networkx
 Downloaded stanza
 Downloaded hf-xet
 Downloaded nvidia-curand-cu12
 Downloaded sphinx
 Downloaded fonttools
 Downloaded lxml
 Downloaded tensorboard
 Downloaded tensorboard-data-server
      Built blt-lcm-marathi @ file:///marimo/BLT-LCM
 Downloaded pillow
 Downloaded grpcio
 Downloaded sphinx-rtd-theme
 Downloaded sympy
 Downloaded matplotlib
 Downloaded babel
 Downloaded nvidia-cufft-cu12
 Downloaded nvidia-cusolver-cu12
 Downloaded transformers
 Downloaded pandas
 Downloaded nvidia-cusparse-cu12
 Downloaded wandb
 Downloaded scipy
 Downloaded bitsandbytes
 Downloaded pyarrow
 Downloaded nvidia-cublas-cu12
 Downloaded nvidia-nccl-cu12
   Building numpy==1.26.4
 Downloaded torch
 Downloaded nvidia-cudnn-cu12
      Built numpy==1.26.4
Prepared 130 packages in 1m 10s
Installed 130 packages in 636ms
 + absl-py==2.5.0
 + accelerate==1.14.0
 + aiohappyeyeballs==2.7.1
 + aiohttp==3.14.3
 + aiosignal==1.4.0
 + alabaster==1.0.0
 + annotated-types==0.8.0
 + anyio==4.14.2
 + attrs==26.1.0
 + babel==2.18.0
 + bitsandbytes==0.50.0
 + blt-lcm-marathi==0.1.0 (from file:///marimo/BLT-LCM)
 + certifi==2026.7.22
 + charset-normalizer==3.4.9
 + click==8.4.2
 + colorama==0.4.6
 + contourpy==1.3.3
 + cycler==0.12.1
 + datasets==5.0.1
 + defusedxml==0.7.1
 + dill==0.4.1
 + docutils==0.22.4
 + emoji==2.15.0
 + entmax==1.3
 + filelock==3.32.2
 + fonttools==4.63.0
 + frozenlist==1.8.0
 + fsspec==2026.6.0
 + gitdb==4.0.12
 + gitpython==3.1.58
 + grpcio==1.83.0
 + h11==0.16.0
 + hf-xet==1.6.0
 + httpcore==1.0.9
 + httpx==0.28.1
 + huggingface-hub==0.36.2
 + idna==3.18
 + imagesize==2.0.0
 + indic-nlp-library==0.92
 + jinja2==3.1.6
 + joblib==1.5.3
 + jsonargparse==3.13.1
 + kiwisolver==1.5.0
 + lightning-utilities==0.15.3
 + lxml==6.1.1
 + markdown==3.10.3
 + markupsafe==3.0.3
 + matplotlib==3.11.1
 + morfessor==2.0.6
 + mpmath==1.3.0
 + multidict==6.7.1
 + multiprocess==0.70.19
 + networkx==3.6.1
 + nltk==3.10.2
 + numpy==1.26.4
 + nvidia-cublas-cu12==12.1.3.1
 + nvidia-cuda-cupti-cu12==12.1.105
 + nvidia-cuda-nvrtc-cu12==12.1.105
 + nvidia-cuda-runtime-cu12==12.1.105
 + nvidia-cudnn-cu12==9.1.0.70
 + nvidia-cufft-cu12==11.0.2.54
 + nvidia-curand-cu12==10.3.2.106
 + nvidia-cusolver-cu12==11.4.5.107
 + nvidia-cusparse-cu12==12.1.0.106
 + nvidia-ml-py==13.610.43
 + nvidia-nccl-cu12==2.21.5
 + nvidia-nvjitlink-cu12==12.9.86
 + nvidia-nvtx-cu12==12.1.105
 + packaging==26.3
 + pandas==3.0.5
 + peft==0.20.0
 + pillow==12.3.0
 + platformdirs==4.11.0
 + portalocker==4.1.0
 + propcache==0.5.2
 + protobuf==4.25.9
 + psutil==7.2.2
 + pyarrow==25.0.0
 + pydantic==2.13.4
 + pydantic-core==2.46.4
 + pygments==2.20.0
 + pyparsing==3.3.2
 + python-dateutil==2.9.0.post0
 + python-dotenv==1.2.2
 + pytorch-lightning==2.6.5
 + pyyaml==6.0.3
 + regex==2026.7.19
 + requests==2.34.2
 + roman-numerals==4.1.0
 + sacrebleu==2.6.0
 + safetensors==0.8.0
 + scipy==1.17.1
 + sentencepiece==0.2.2
 + sentry-sdk==2.66.1
 + setuptools==80.10.2
 + six==1.17.0
 + smmap==5.0.3
 + snowballstemmer==3.1.1
 + sphinx==9.0.4
 + sphinx-argparse==0.6.0
 + sphinx-rtd-theme==3.1.0
 + sphinxcontrib-applehelp==2.0.0
 + sphinxcontrib-devhelp==2.0.0
 + sphinxcontrib-htmlhelp==2.1.0
 + sphinxcontrib-jquery==4.1
 + sphinxcontrib-jsmath==1.0.1
 + sphinxcontrib-qthelp==2.0.0
 + sphinxcontrib-serializinghtml==2.0.0
 + stanza==1.14.0
 + sympy==1.13.1
 + tabulate==0.10.0
 + tensorboard==2.20.0
 + tensorboard-data-server==0.7.2
 + termcolor==3.3.0
 + tiktoken==0.13.0
 + tokenizers==0.22.2
 + torch==2.5.1+cu121
 + torchmetrics==0.10.3
 + tqdm==4.70.0
 + transformers==4.57.6
 + typing-extensions==4.16.0
 + typing-inspection==0.4.2
 + udapi==0.5.2
 + udtools==0.2.8
 + unbabel-comet==2.2.7
 + urllib3==2.7.0
 + wandb==0.28.0
 + werkzeug==3.1.8
 + xxhash==3.8.1
 + yarl==1.24.5
[2m[auto-setup][0m torch after uv sync:           2.13.0+cu130 cuda 13.0 avail True
